\BOOKMARK [0][-]{chapter.1}{\376\377\000I\000n\000t\000r\000o\000d\000u\000c\000e\000r\000e}{}% 1
\BOOKMARK [1][-]{section.1.1}{\376\377\000C\000o\000n\000t\000e\000x\000t\000u\000l\000\040\000p\000r\000o\000b\000l\000e\000m\000e\000i}{chapter.1}% 2
\BOOKMARK [1][-]{section.1.2}{\376\377\000M\000o\000t\000i\000v\000a\002\033\000i\000a\000\040\000p\000r\000o\000i\000e\000c\000t\000u\000l\000u\000i}{chapter.1}% 3
\BOOKMARK [2][-]{subsection.1.2.1}{\376\377\000C\000e\000r\000i\000n\002\033\000e\000\040\000d\000e\000\040\000p\000e\000r\000f\000o\000r\000m\000a\000n\002\033\001\003}{section.1.2}% 4
\BOOKMARK [2][-]{subsection.1.2.2}{\376\377\000P\000a\000r\000t\000i\000c\000u\000l\000a\000r\000i\000t\001\003\002\033\000i\000\040\000a\000l\000e\000\040\000d\000a\000t\000e\000l\000o\000r}{section.1.2}% 5
\BOOKMARK [1][-]{section.1.3}{\376\377\000O\000b\000i\000e\000c\000t\000i\000v\000e\000l\000e\000\040\000p\000r\000o\000i\000e\000c\000t\000u\000l\000u\000i}{chapter.1}% 6
\BOOKMARK [0][-]{chapter.2}{\376\377\000S\000t\000a\000t\000e\000-\000o\000f\000-\000t\000h\000e\000-\000A\000r\000t}{}% 7
\BOOKMARK [1][-]{section.2.1}{\376\377\000B\000a\000z\000e\000\040\000d\000e\000\040\000d\000a\000t\000e\000\040\000p\000e\000n\000t\000r\000u\000\040\000s\000e\000r\000i\000i\000\040\000d\000e\000\040\000t\000i\000m\000p\000\040\000\050\000T\000S\000D\000B\000\051}{chapter.2}% 8
\BOOKMARK [1][-]{section.2.2}{\376\377\000O\000p\000e\000n\000T\000S\000D\000B}{chapter.2}% 9
\BOOKMARK [2][-]{subsection.2.2.1}{\376\377\000A\000r\000h\000i\000t\000e\000c\000t\000u\000r\001\003}{section.2.2}% 10
\BOOKMARK [2][-]{subsection.2.2.2}{\376\377\000A\000v\000a\000n\000t\000a\000j\000e\000\040\002\031\000i\000\040\000l\000i\000m\000i\000t\001\003\000r\000i}{section.2.2}% 11
\BOOKMARK [1][-]{section.2.3}{\376\377\000G\000r\000a\000p\000h\000i\000t\000e\000\040\002\031\000i\000\040\000W\000h\000i\000s\000p\000e\000r}{chapter.2}% 12
\BOOKMARK [2][-]{subsection.2.3.1}{\376\377\000F\000o\000r\000m\000a\000t\000u\000l\000\040\000W\000h\000i\000s\000p\000e\000r}{section.2.3}% 13
\BOOKMARK [2][-]{subsection.2.3.2}{\376\377\000L\000i\000m\000i\000t\001\003\000r\000i}{section.2.3}% 14
\BOOKMARK [1][-]{section.2.4}{\376\377\000T\000e\000h\000n\000i\000c\000i\000\040\000d\000e\000\040\000c\000o\000m\000p\000r\000e\000s\000i\000e\000\040\000p\000e\000n\000t\000r\000u\000\040\000s\000e\000r\000i\000i\000\040\000d\000e\000\040\000t\000i\000m\000p}{chapter.2}% 15
\BOOKMARK [2][-]{subsection.2.4.1}{\376\377\000C\000o\000m\000p\000r\000e\000s\000i\000e\000\040\000c\000u\000\040\000p\000i\000e\000r\000d\000e\000r\000i\000\040\000\050\000L\000o\000s\000s\000y\000\051}{section.2.4}% 16
\BOOKMARK [2][-]{subsection.2.4.2}{\376\377\000C\000o\000m\000p\000r\000e\000s\000i\000e\000\040\000f\001\003\000r\001\003\000\040\000p\000i\000e\000r\000d\000e\000r\000i\000\040\000\050\000L\000o\000s\000s\000l\000e\000s\000s\000\051}{section.2.4}% 17
\BOOKMARK [2][-]{subsection.2.4.3}{\376\377\000C\000o\000m\000p\000r\000e\000s\000i\000e\000\040\000p\000e\000n\000t\000r\000u\000\040\000n\000u\000m\000e\000r\000e\000\040\000\356\000n\000\040\000v\000i\000r\000g\000u\000l\001\003\000\040\000m\000o\000b\000i\000l\001\003}{section.2.4}% 18
\BOOKMARK [1][-]{section.2.5}{\376\377\000P\000o\000z\000i\002\033\000i\000o\000n\000a\000r\000e\000a\000\040\000a\000l\000g\000o\000r\000i\000t\000m\000u\000l\000u\000i\000\040\000G\000o\000r\000i\000l\000l\000a}{chapter.2}% 19
\BOOKMARK [0][-]{chapter.3}{\376\377\000A\000l\000g\000o\000r\000i\000t\000m\000u\000l\000\040\000G\000o\000r\000i\000l\000l\000a}{}% 20
\BOOKMARK [1][-]{section.3.1}{\376\377\000A\000r\000h\000i\000t\000e\000c\000t\000u\000r\000a\000\040\000g\000e\000n\000e\000r\000a\000l\001\003}{chapter.3}% 21
\BOOKMARK [2][-]{subsection.3.1.1}{\376\377\000S\000t\000r\000u\000c\000t\000u\000r\000a\000\040\000d\000a\000t\000e\000l\000o\000r}{section.3.1}% 22
\BOOKMARK [2][-]{subsection.3.1.2}{\376\377\000F\000l\000u\000x\000u\000l\000\040\000d\000e\000\040\000c\000o\000m\000p\000r\000e\000s\000i\000e}{section.3.1}% 23
\BOOKMARK [1][-]{section.3.2}{\376\377\000C\000o\000m\000p\000r\000e\000s\000i\000a\000\040\000T\000i\000m\000e\000s\000t\000a\000m\000p\000-\000u\000r\000i\000l\000o\000r\000:\000\040\000D\000e\000l\000t\000a\000-\000o\000f\000-\000D\000e\000l\000t\000a}{chapter.3}% 24
\BOOKMARK [2][-]{subsection.3.2.1}{\376\377\000O\000b\000s\000e\000r\000v\000a\002\033\000i\000a\000\040\000c\000h\000e\000i\000e}{section.3.2}% 25
\BOOKMARK [2][-]{subsection.3.2.2}{\376\377\000D\000e\000l\000t\000a\000\040\000e\000n\000c\000o\000d\000i\000n\000g\000\040\000s\000i\000m\000p\000l\000u}{section.3.2}% 26
\BOOKMARK [2][-]{subsection.3.2.3}{\376\377\000D\000e\000l\000t\000a\000-\000o\000f\000-\000d\000e\000l\000t\000a\000\040\000e\000n\000c\000o\000d\000i\000n\000g}{section.3.2}% 27
\BOOKMARK [2][-]{subsection.3.2.4}{\376\377\000S\000c\000h\000e\000m\000a\000\040\000d\000e\000\040\000c\000o\000d\000a\000r\000e\000\040\000v\000a\000r\000i\000a\000b\000i\000l\001\003}{section.3.2}% 28
\BOOKMARK [2][-]{subsection.3.2.5}{\376\377\000R\000e\000p\000r\000e\000z\000e\000n\000t\000a\000r\000e\000a\000\040\000\356\000n\000\040\000c\000o\000m\000p\000l\000e\000m\000e\000n\000t\000\040\000f\000a\002\033\001\003\000\040\000d\000e\000\040\0002}{section.3.2}% 29
\BOOKMARK [2][-]{subsection.3.2.6}{\376\377\000A\000l\000g\000o\000r\000i\000t\000m\000u\000l\000\040\000d\000e\000\040\000c\000o\000d\000a\000r\000e}{section.3.2}% 30
\BOOKMARK [2][-]{subsection.3.2.7}{\376\377\000A\000l\000g\000o\000r\000i\000t\000m\000u\000l\000\040\000d\000e\000\040\000d\000e\000c\000o\000d\000a\000r\000e}{section.3.2}% 31
\BOOKMARK [2][-]{subsection.3.2.8}{\376\377\000E\000f\000i\000c\000i\000e\000n\002\033\000a\000\040\000c\000o\000m\000p\000r\000e\000s\000i\000e\000i\000\040\000t\000i\000m\000e\000s\000t\000a\000m\000p\000-\000u\000r\000i\000l\000o\000r}{section.3.2}% 32
\BOOKMARK [1][-]{section.3.3}{\376\377\000C\000o\000m\000p\000r\000e\000s\000i\000a\000\040\000V\000a\000l\000o\000r\000i\000l\000o\000r\000:\000\040\000X\000O\000R\000\040\000E\000n\000c\000o\000d\000i\000n\000g}{chapter.3}% 33
\BOOKMARK [2][-]{subsection.3.3.1}{\376\377\000P\000r\000o\000v\000o\000c\000a\000r\000e\000a\000\040\000c\000o\000m\000p\000r\000e\000s\000i\000e\000i\000\040\000f\000l\000o\000a\000t\000i\000n\000g\000-\000p\000o\000i\000n\000t}{section.3.3}% 34
\BOOKMARK [2][-]{subsection.3.3.2}{\376\377\000O\000b\000s\000e\000r\000v\000a\002\033\000i\000a\000\040\000c\000h\000e\000i\000e\000:\000\040\000X\000O\000R\000\040\000p\000e\000n\000t\000r\000u\000\040\000v\000a\000l\000o\000r\000i\000\040\000s\000i\000m\000i\000l\000a\000r\000e}{section.3.3}% 35
\BOOKMARK [2][-]{subsection.3.3.3}{\376\377\000S\000c\000h\000e\000m\000a\000\040\000d\000e\000\040\000c\000o\000d\000a\000r\000e\000\040\000X\000O\000R}{section.3.3}% 36
\BOOKMARK [2][-]{subsection.3.3.4}{\376\377\000C\000a\000l\000c\000u\000l\000u\000l\000\040\000l\000e\000a\000d\000i\000n\000g\000\040\002\031\000i\000\040\000t\000r\000a\000i\000l\000i\000n\000g\000\040\000z\000e\000r\000o\000s}{section.3.3}% 37
\BOOKMARK [2][-]{subsection.3.3.5}{\376\377\000A\000l\000g\000o\000r\000i\000t\000m\000u\000l\000\040\000d\000e\000\040\000c\000o\000d\000a\000r\000e\000\040\000p\000e\000n\000t\000r\000u\000\040\000v\000a\000l\000o\000r\000i}{section.3.3}% 38
\BOOKMARK [2][-]{subsection.3.3.6}{\376\377\000E\000f\000i\000c\000i\000e\000n\002\033\000a\000\040\000c\000o\000m\000p\000r\000e\000s\000i\000e\000i\000\040\000v\000a\000l\000o\000r\000i\000l\000o\000r}{section.3.3}% 39
\BOOKMARK [1][-]{section.3.4}{\376\377\000C\000o\000m\000p\000r\000e\000s\000i\000a\000\040\000c\000o\000m\000b\000i\000n\000a\000t\001\003}{chapter.3}% 40
\BOOKMARK [1][-]{section.3.5}{\376\377\000A\000n\000a\000l\000i\000z\000a\000\040\000c\000o\000m\000p\000l\000e\000x\000i\000t\001\003\002\033\000i\000i}{chapter.3}% 41
\BOOKMARK [2][-]{subsection.3.5.1}{\376\377\000C\000o\000m\000p\000l\000e\000x\000i\000t\000a\000t\000e\000\040\000t\000e\000m\000p\000o\000r\000a\000l\001\003}{section.3.5}% 42
\BOOKMARK [2][-]{subsection.3.5.2}{\376\377\000C\000o\000m\000p\000l\000e\000x\000i\000t\000a\000t\000e\000\040\000s\000p\000a\002\033\000i\000a\000l\001\003}{section.3.5}% 43
\BOOKMARK [1][-]{section.3.6}{\376\377\000E\000x\000t\000i\000n\000d\000e\000r\000e\000\040\000p\000e\000n\000t\000r\000u\000\040\000s\000e\000r\000i\000i\000\040\000m\000u\000l\000t\000i\000v\000a\000r\000i\000a\000t\000e}{chapter.3}% 44
\BOOKMARK [2][-]{subsection.3.6.1}{\376\377\000S\000t\000r\000a\000t\000e\000g\000i\000a\000\040\000d\000e\000\040\000c\000o\000m\000p\000r\000e\000s\000i\000e}{section.3.6}% 45
\BOOKMARK [0][-]{chapter.4}{\376\377\000I\000m\000p\000l\000e\000m\000e\000n\000t\000a\000r\000e}{}% 46
\BOOKMARK [1][-]{section.4.1}{\376\377\000A\000r\000h\000i\000t\000e\000c\000t\000u\000r\000a\000\040\000s\000i\000s\000t\000e\000m\000u\000l\000u\000i}{chapter.4}% 47
\BOOKMARK [2][-]{subsection.4.1.1}{\376\377\000D\000i\000a\000g\000r\000a\000m\000a\000\040\000d\000e\000p\000e\000n\000d\000e\000n\002\033\000e\000l\000o\000r}{section.4.1}% 48
\BOOKMARK [2][-]{subsection.4.1.2}{\376\377\000P\000r\000i\000n\000c\000i\000p\000i\000i\000\040\000d\000e\000\040\000d\000e\000s\000i\000g\000n}{section.4.1}% 49
\BOOKMARK [1][-]{section.4.2}{\376\377\000N\000i\000v\000e\000l\000u\000l\000\040\0001\000:\000\040\000O\000p\000e\000r\000a\002\033\000i\000i\000\040\000p\000e\000\040\000b\000i\002\033\000i}{chapter.4}% 50
\BOOKMARK [2][-]{subsection.4.2.1}{\376\377\000C\000l\000a\000s\000a\000\040\000B\000i\000t\000W\000r\000i\000t\000e\000r}{section.4.2}% 51
\BOOKMARK [2][-]{subsection.4.2.2}{\376\377\000C\000l\000a\000s\000a\000\040\000B\000i\000t\000R\000e\000a\000d\000e\000r}{section.4.2}% 52
\BOOKMARK [1][-]{section.4.3}{\376\377\000N\000i\000v\000e\000l\000u\000l\000\040\0002\000:\000\040\000E\000n\000c\000o\000d\000e\000r\000e\000\040\002\031\000i\000\040\000d\000e\000c\000o\000d\000e\000r\000e}{chapter.4}% 53
\BOOKMARK [2][-]{subsection.4.3.1}{\376\377\000C\000l\000a\000s\000a\000\040\000T\000i\000m\000e\000s\000t\000a\000m\000p\000E\000n\000c\000o\000d\000e\000r}{section.4.3}% 54
\BOOKMARK [2][-]{subsection.4.3.2}{\376\377\000C\000l\000a\000s\000a\000\040\000T\000i\000m\000e\000s\000t\000a\000m\000p\000D\000e\000c\000o\000d\000e\000r}{section.4.3}% 55
\BOOKMARK [2][-]{subsection.4.3.3}{\376\377\000C\000l\000a\000s\000a\000\040\000V\000a\000l\000u\000e\000E\000n\000c\000o\000d\000e\000r}{section.4.3}% 56
\BOOKMARK [2][-]{subsection.4.3.4}{\376\377\000C\000l\000a\000s\000a\000\040\000V\000a\000l\000u\000e\000D\000e\000c\000o\000d\000e\000r}{section.4.3}% 57
\BOOKMARK [1][-]{section.4.4}{\376\377\000N\000i\000v\000e\000l\000u\000l\000\040\0003\000:\000\040\000S\000t\000o\000c\000a\000r\000e\000\040\000m\000u\000l\000t\000i\000v\000a\000r\000i\000a\000t\001\003}{chapter.4}% 58
\BOOKMARK [2][-]{subsection.4.4.1}{\376\377\000C\000l\000a\000s\000a\000\040\000M\000u\000l\000t\000i\000V\000a\000r\000i\000a\000t\000e\000B\000l\000o\000c\000k}{section.4.4}% 59
\BOOKMARK [2][-]{subsection.4.4.2}{\376\377\000C\000l\000a\000s\000a\000\040\000M\000u\000l\000t\000i\000V\000a\000r\000i\000a\000t\000e\000D\000e\000c\000o\000d\000e\000r}{section.4.4}% 60
\BOOKMARK [2][-]{subsection.4.4.3}{\376\377\000C\000l\000a\000s\000a\000\040\000M\000u\000l\000t\000i\000V\000a\000r\000i\000a\000t\000e\000S\000e\000r\000i\000e\000s}{section.4.4}% 61
\BOOKMARK [2][-]{subsection.4.4.4}{\376\377\000C\000l\000a\000s\000a\000\040\000M\000u\000l\000t\000i\000V\000a\000r\000i\000a\000t\000e\000S\000t\000o\000r\000e}{section.4.4}% 62
\BOOKMARK [1][-]{section.4.5}{\376\377\000V\000a\000r\000i\000a\000n\000t\000a\000\040\000\356\000m\000b\000u\000n\001\003\000t\001\003\002\033\000i\000t\001\003\000:\000\040\000O\000p\000t\000i\000m\000i\000z\000a\000r\000e\000a\000\040\000f\000e\000r\000e\000s\000t\000r\000e\000i\000\040\000X\000O\000R}{chapter.4}% 63
\BOOKMARK [2][-]{subsection.4.5.1}{\376\377\000P\000r\000o\000b\000l\000e\000m\000a\000\040\000a\000l\000g\000o\000r\000i\000t\000m\000u\000l\000u\000i\000\040\000o\000r\000i\000g\000i\000n\000a\000l}{section.4.5}% 64
\BOOKMARK [2][-]{subsection.4.5.2}{\376\377\000S\000o\000l\000u\002\033\000i\000a\000\040\000p\000r\000o\000p\000u\000s\001\003}{section.4.5}% 65
\BOOKMARK [2][-]{subsection.4.5.3}{\376\377\000I\000m\000p\000l\000e\000m\000e\000n\000t\000a\000r\000e\000a}{section.4.5}% 66
\BOOKMARK [2][-]{subsection.4.5.4}{\376\377\000A\000n\000a\000l\000i\000z\000a\000\040\000t\000r\000a\000d\000e\000-\000o\000f\000f\000-\000u\000l\000u\000i}{section.4.5}% 67
\BOOKMARK [1][-]{section.4.6}{\376\377\000F\000l\000u\000x\000u\000l\000\040\000d\000e\000\040\000d\000a\000t\000e}{chapter.4}% 68
\BOOKMARK [2][-]{subsection.4.6.1}{\376\377\000C\000o\000d\000a\000r\000e\000\040\000\050\000c\000o\000m\000p\000r\000e\000s\000i\000e\000\051}{section.4.6}% 69
\BOOKMARK [2][-]{subsection.4.6.2}{\376\377\000D\000e\000c\000o\000d\000a\000r\000e\000\040\000\050\000d\000e\000c\000o\000m\000p\000r\000e\000s\000i\000e\000\051}{section.4.6}% 70
\BOOKMARK [0][-]{chapter.5}{\376\377\000E\000x\000p\000e\000r\000i\000m\000e\000n\000t\000e\000\040\002\031\000i\000\040\000R\000e\000z\000u\000l\000t\000a\000t\000e}{}% 71
\BOOKMARK [1][-]{section.5.1}{\376\377\000S\000e\000t\000u\000r\000i\000\040\000d\000e\000\040\000d\000a\000t\000e}{chapter.5}% 72
\BOOKMARK [2][-]{subsection.5.1.1}{\376\377\000C\000P\000U\000\040\000L\000o\000a\000d\000\040\000A\000v\000e\000r\000a\000g\000e\000\040\000\050\000s\000e\000r\000i\000e\000\040\000u\000n\000i\000v\000a\000r\000i\000a\000t\001\003\000\051}{section.5.1}% 73
\BOOKMARK [2][-]{subsection.5.1.2}{\376\377\000T\000w\000i\000t\000t\000e\000r\000\040\000V\000o\000l\000u\000m\000e\000\040\000U\000P\000S\000\040\000\050\000s\000e\000r\000i\000e\000\040\000u\000n\000i\000v\000a\000r\000i\000a\000t\001\003\000\051}{section.5.1}% 74
\BOOKMARK [2][-]{subsection.5.1.3}{\376\377\000R\000o\000o\000m\000\040\000C\000l\000i\000m\000a\000t\000e\000\040\000D\000a\000t\000a\000s\000e\000t\000\040\000\050\000s\000e\000r\000i\000e\000\040\000m\000u\000l\000t\000i\000v\000a\000r\000i\000a\000t\001\003\000\051}{section.5.1}% 75
\BOOKMARK [1][-]{section.5.2}{\376\377\000M\000e\000t\000o\000d\000o\000l\000o\000g\000i\000a\000\040\000e\000x\000p\000e\000r\000i\000m\000e\000n\000t\000a\000l\001\003}{chapter.5}% 76
\BOOKMARK [2][-]{subsection.5.2.1}{\376\377\000M\000e\000t\000r\000i\000c\000i\000\040\000d\000e\000\040\000e\000v\000a\000l\000u\000a\000r\000e}{section.5.2}% 77
\BOOKMARK [2][-]{subsection.5.2.2}{\376\377\000C\000o\000n\000f\000i\000g\000u\000r\000a\002\033\000i\000a\000\040\000t\000e\000s\000t\000e\000l\000o\000r}{section.5.2}% 78
\BOOKMARK [1][-]{section.5.3}{\376\377\000R\000e\000z\000u\000l\000t\000a\000t\000e\000:\000\040\000T\000a\000b\000e\000l\000\040\000c\000o\000m\000p\000a\000r\000a\000t\000i\000v\000\040\000p\000r\000i\000n\000c\000i\000p\000a\000l}{chapter.5}% 79
\BOOKMARK [2][-]{subsection.5.3.1}{\376\377\000C\000o\000m\000p\000a\000r\000a\002\033\000i\000e\000\040\000g\000l\000o\000b\000a\000l\001\003}{section.5.3}% 80
\BOOKMARK [1][-]{section.5.4}{\376\377\000R\000e\000z\000u\000l\000t\000a\000t\000e\000\040\000d\000e\000t\000a\000l\000i\000a\000t\000e\000:\000\040\000C\000P\000U\000\040\000L\000o\000a\000d}{chapter.5}% 81
\BOOKMARK [1][-]{section.5.5}{\376\377\000R\000e\000z\000u\000l\000t\000a\000t\000e\000\040\000d\000e\000t\000a\000l\000i\000a\000t\000e\000:\000\040\000T\000w\000i\000t\000t\000e\000r\000\040\000V\000o\000l\000u\000m\000e}{chapter.5}% 82
\BOOKMARK [1][-]{section.5.6}{\376\377\000R\000e\000z\000u\000l\000t\000a\000t\000e\000\040\000d\000e\000t\000a\000l\000i\000a\000t\000e\000:\000\040\000R\000o\000o\000m\000\040\000C\000l\000i\000m\000a\000t\000e}{chapter.5}% 83
\BOOKMARK [1][-]{section.5.7}{\376\377\000S\000u\000m\000a\000r\000\040\000r\000a\000t\000e\000\040\000d\000e\000\040\000c\000o\000m\000p\000r\000e\000s\000i\000e}{chapter.5}% 84
\BOOKMARK [1][-]{section.5.8}{\376\377\000V\000a\000r\000i\000a\000n\000t\000a\000\040\000o\000p\000t\000i\000m\000i\000z\000a\000t\001\003\000:\000\040\000R\000e\000c\000a\000p\000i\000t\000u\000l\000a\000r\000e}{chapter.5}% 85
\BOOKMARK [2][-]{subsection.5.8.1}{\376\377\000C\000o\000n\000d\000i\002\033\000i\000a\000\040\000s\000t\000a\000n\000d\000a\000r\000d\000\040\000v\000s\000\040\000o\000p\000t\000i\000m\000i\000z\000a\000t\001\003}{section.5.8}% 86
\BOOKMARK [2][-]{subsection.5.8.2}{\376\377\000E\000x\000e\000m\000p\000l\000u\000\040\000n\000u\000m\000e\000r\000i\000c}{section.5.8}% 87
\BOOKMARK [1][-]{section.5.9}{\376\377\000C\000o\000m\000p\000a\000r\000a\002\033\000i\000e\000\040\000c\000u\000\040\000a\000r\000t\000i\000c\000o\000l\000u\000l\000\040\000o\000r\000i\000g\000i\000n\000a\000l\000\040\000G\000o\000r\000i\000l\000l\000a}{chapter.5}% 88
\BOOKMARK [1][-]{section.5.10}{\376\377\000V\000a\000l\000i\000d\000a\000r\000e\000a\000\040\000c\000o\000r\000e\000c\000t\000i\000t\000u\000d\000i\000n\000i\000i}{chapter.5}% 89
\BOOKMARK [1][-]{section.5.11}{\376\377\000C\000o\000n\000c\000l\000u\000z\000i\000i}{chapter.5}% 90
\BOOKMARK [1][-]{section.5.12}{\376\377\000A\000n\000e\000x\001\003\000:\000\040\000V\000i\000z\000u\000a\000l\000i\000z\001\003\000r\000i\000\040\000g\000r\000a\000f\000i\000c\000e}{chapter.5}% 91
\BOOKMARK [2][-]{subsection.5.12.1}{\376\377\000S\000e\000r\000i\000a\000\040\000C\000P\000U\000\040\000L\000o\000a\000d}{section.5.12}% 92
\BOOKMARK [2][-]{subsection.5.12.2}{\376\377\000S\000e\000r\000i\000a\000\040\000R\000o\000o\000m\000\040\000C\000l\000i\000m\000a\000t\000e}{section.5.12}% 93
\BOOKMARK [2][-]{subsection.5.12.3}{\376\377\000S\000e\000r\000i\000a\000\040\000T\000w\000i\000t\000t\000e\000r\000\040\000V\000o\000l\000u\000m\000e\000\040\040\024\000\040\000C\000o\000m\000p\000r\000e\000s\000i\000a\000\040\000S\000t\000a\000n\000d\000a\000r\000d}{section.5.12}% 94
\BOOKMARK [2][-]{subsection.5.12.4}{\376\377\000S\000e\000r\000i\000a\000\040\000T\000w\000i\000t\000t\000e\000r\000\040\000V\000o\000l\000u\000m\000e\000\040\040\024\000\040\000C\000o\000m\000p\000r\000e\000s\000i\000a\000\040\000O\000p\000t\000i\000m\000i\000z\000a\000t\001\003}{section.5.12}% 95
\BOOKMARK [2][-]{subsection.5.12.5}{\376\377\000V\000a\000l\000i\000d\000a\000r\000e\000a\000\040\000i\000n\000t\000e\000g\000r\000i\000t\001\003\002\033\000i\000i\000\040\000d\000a\000t\000e\000l\000o\000r\000\040\040\024\000\040\000T\000w\000i\000t\000t\000e\000r}{section.5.12}% 96
\BOOKMARK [0][-]{chapter.6}{\376\377\000C\000o\000n\000c\000l\000u\000z\000i\000i}{}% 97
\BOOKMARK [1][-]{section.6.1}{\376\377\000S\000i\000n\000t\000e\000z\000a\000\040\000c\000o\000n\000t\000r\000i\000b\000u\002\033\000i\000i\000l\000o\000r}{chapter.6}% 98
\BOOKMARK [2][-]{subsection.6.1.1}{\376\377\000I\000m\000p\000l\000e\000m\000e\000n\000t\000a\000r\000e\000\040\000c\000o\000m\000p\000l\000e\000t\001\003\000\040\000\356\000n\000\040\000P\000y\000t\000h\000o\000n}{section.6.1}% 99
\BOOKMARK [2][-]{subsection.6.1.2}{\376\377\000O\000p\000t\000i\000m\000i\000z\000a\000r\000e\000a\000\040\000a\000l\000g\000o\000r\000i\000t\000m\000u\000l\000u\000i\000:\000\040\000C\000o\000n\000d\000i\002\033\000i\000a\000\040\000f\000e\000r\000e\000s\000t\000r\000e\000i\000\040\000d\000e\000\040\0001\0001\000\040\000b\000i\002\033\000i}{section.6.1}% 100
\BOOKMARK [2][-]{subsection.6.1.3}{\376\377\000D\000o\000c\000u\000m\000e\000n\000t\000a\000r\000e\000\040\000t\000e\000o\000r\000e\000t\000i\000c\001\003}{section.6.1}% 101
\BOOKMARK [2][-]{subsection.6.1.4}{\376\377\000V\000a\000l\000i\000d\000a\000r\000e\000\040\000e\000x\000p\000e\000r\000i\000m\000e\000n\000t\000a\000l\001\003\000\040\000e\000x\000t\000i\000n\000s\001\003}{section.6.1}% 102
\BOOKMARK [1][-]{section.6.2}{\376\377\000R\000e\000z\000u\000l\000t\000a\000t\000e\000l\000e\000\040\000o\000p\000t\000i\000m\000i\000z\001\003\000r\000i\000i}{chapter.6}% 103
\BOOKMARK [1][-]{section.6.3}{\376\377\000C\000o\000n\000c\000l\000u\000z\000i\000i\000\040\000t\000e\000h\000n\000i\000c\000e}{chapter.6}% 104
\BOOKMARK [2][-]{subsection.6.3.1}{\376\377\000E\000f\000i\000c\000i\000e\000n\002\033\000a\000\040\000d\000e\000l\000t\000a\000-\000o\000f\000-\000d\000e\000l\000t\000a}{section.6.3}% 105
\BOOKMARK [2][-]{subsection.6.3.2}{\376\377\000E\000f\000i\000c\000i\000e\000n\002\033\000a\000\040\000X\000O\000R\000\040\000e\000n\000c\000o\000d\000i\000n\000g}{section.6.3}% 106
\BOOKMARK [2][-]{subsection.6.3.3}{\376\377\000A\000v\000a\000n\000t\000a\000j\000u\000l\000\040\000s\000t\000o\000c\001\003\000r\000i\000i\000\040\000m\000u\000l\000t\000i\000v\000a\000r\000i\000a\000t\000e}{section.6.3}% 107
\BOOKMARK [1][-]{section.6.4}{\376\377\000L\000i\000m\000i\000t\001\003\000r\000i\000\040\000i\000d\000e\000n\000t\000i\000f\000i\000c\000a\000t\000e}{chapter.6}% 108
\BOOKMARK [2][-]{subsection.6.4.1}{\376\377\000D\000a\000t\000e\000\040\000c\000u\000\040\000v\000a\000r\000i\000a\000b\000i\000l\000i\000t\000a\000t\000e\000\040\000m\000a\000r\000e}{section.6.4}% 109
\BOOKMARK [2][-]{subsection.6.4.2}{\376\377\000O\000v\000e\000r\000h\000e\000a\000d\000\040\000p\000e\000n\000t\000r\000u\000\040\000s\000e\000r\000i\000i\000\040\000s\000c\000u\000r\000t\000e}{section.6.4}% 110
\BOOKMARK [2][-]{subsection.6.4.3}{\376\377\000D\000e\000c\000o\000d\000a\000r\000e\000\040\000s\000e\000c\000v\000e\000n\002\033\000i\000a\000l\001\003}{section.6.4}% 111
\BOOKMARK [2][-]{subsection.6.4.4}{\376\377\000I\000m\000p\000l\000e\000m\000e\000n\000t\000a\000r\000e\000\040\000i\000n\000t\000e\000r\000p\000r\000e\000t\000a\000t\001\003}{section.6.4}% 112
\BOOKMARK [1][-]{section.6.5}{\376\377\000D\000i\000r\000e\000c\002\033\000i\000i\000\040\000d\000e\000\040\000d\000e\000z\000v\000o\000l\000t\000a\000r\000e\000\040\000u\000l\000t\000e\000r\000i\000o\000a\000r\001\003}{chapter.6}% 113
\BOOKMARK [2][-]{subsection.6.5.1}{\376\377\000O\000p\000t\000i\000m\000i\000z\001\003\000r\000i\000\040\000d\000e\000\040\000p\000e\000r\000f\000o\000r\000m\000a\000n\002\033\001\003}{section.6.5}% 114
\BOOKMARK [2][-]{subsection.6.5.2}{\376\377\000F\000u\000n\000c\002\033\000i\000o\000n\000a\000l\000i\000t\001\003\002\033\000i\000\040\000a\000d\000i\002\033\000i\000o\000n\000a\000l\000e}{section.6.5}% 115
\BOOKMARK [2][-]{subsection.6.5.3}{\376\377\000E\000x\000t\000i\000n\000d\000e\000r\000e\000a\000\040\000o\000p\000t\000i\000m\000i\000z\001\003\000r\000i\000i}{section.6.5}% 116
\BOOKMARK [1][-]{section.6.6}{\376\377\000C\000o\000n\000c\000l\000u\000z\000i\000i}{chapter.6}% 117
